Successfully parsed program! :-)

class MainC {
	Void main() {
		Functional fo;
		Int i;
		Int j;
		readln(i);
		If ([i, 0](<)) {
			fo = new Functional();
			j = [fo.f(i)];
			println(j);
		} else {
			println("Error");
		}
		return;
	}
}

class Functional {
	Int a;

	Int f(Int b) {
		Return 3;
	}
}


[1/2] DistinctNameChecker: PASS
key: Functional value:ClassDescriptor{cname='Functional', fields={a=main.java.staticcheckers.type.BasicType@4e1d422d}, methods={f=main.java.staticcheckers.type.FunctionType@66480dd7}}
key: Main value:ClassDescriptor{cname='Main', fields={}, methods={main=main.java.staticcheckers.type.FunctionType@52a86356}}
[2/2] TypeChecker: PASS
