jiachen@jiachenscomputer-697 jlite % java -cp ./bin/java-cup-11b.jar:out Main  src/test/fail/7.in
Error in line 1, column 1 : Failed to parse input program! Common errors include,
 - trying to parse an empty program
 - typos or spelling mistakes

Failed to parse program. 1 errors found. Please fix them and then try again!
jiachen@jiachenscomputer-697 jlite %
