Successfully parsed program! :-)

class Main {
	Void %Main_0() {
		return ;
	}
}

class Main {

	Void main2() {
		Return 1;
	}
}

class TestA {
	Int a;
	Int a;

}

class TestB {
	Int a;
	Int b;
	Int c;

}

class TestB {
	Int d;
	Int e;
	Int f;

}

class TestC {

	Int method1(Int z, String z) {
		Return 1;
	}
}

class TestD {

	Int method1() {
		Return 1;
	}
	Void method1() {
		Return 1;
	}
}

class TestOverloaded {

	Int overload() {
		Return 1;
	}
	Int overload(Int a) {
		Return 1;
	}
	Void overload(Int a) {
		Return 1;
	}
	Int overload(Int b) {
		Return 1;
	}
}

class TestRedeclaration {

	Int method(Int a) {
		Int a;
		Return 0;
	}
}


[DistinctNameCheck] Error at (9, 7): Only one `Main` class is allowed.
[DistinctNameCheck] Error at (18, 9): Variable `a` has already been declared previously.
[DistinctNameCheck] Error at (29, 7): Class `TestB` has already been declared previously.
[DistinctNameCheck] Error at (37, 31): Parameter name `z` has already been declared earlier for another function parameter.
[DistinctNameCheck] Error at (48, 10): Failed to overload method `method1`, method signature `method1()` already exist in class.
[DistinctNameCheck] Error at (63, 10): Failed to overload method `overload`, method signature `overload(Int)` already exist in class.
[DistinctNameCheck] Error at (68, 9): Failed to overload method `overload`, method signature `overload(Int)` already exist in class.
[DistinctNameCheck] Error at (75, 13): Variable `a` has already been declared earlier in another parameter or field.
DistinctNameCheck failed with 8 errors. Please fix before proceeding!
